---
source: crates/oxsea/tests/integration/main.rs
expression: copy_dot_snapshot
input_file: crates/oxsea/tests/integration/fixtures/ts/simple_expr.ts
snapshot_kind: text
---
digraph {
  fontname="Helvetica,Arial,sans-serif";
  node [fontname="Helvetica,Arial,sans-serif"];
  edge [fontname="Helvetica,Arial,sans-serif"];
  n0 [label="", shape=circle, style=filled, fillcolor="#fff", height=0.3, width=0.3, penwidth=5];
  n3 -> n0:i0 [color=red];
  n1 [shape=point, style=filled, fillcolor="#000", height=0.25, width=0.25];
  n2 [shape=box, label="= 18.0"] [style=rounded];
  n3 [shape=record, label="{{<i0> control|<i1> value}|export 'default'}"] [style=filled, fillcolor="#ffffaa"];
  n1 -> n3:i0 [color=red];
  n2 -> n3:i1 ;
}
