---
source: crates/oxsea/tests/integration/main.rs
expression: dot_snapshot
input_file: crates/oxsea/tests/integration/fixtures/ts/var_decl.ts
snapshot_kind: text
---
digraph {
  fontname="Helvetica,Arial,sans-serif";
  node [fontname="Helvetica,Arial,sans-serif"];
  edge [fontname="Helvetica,Arial,sans-serif"];
  n0 [label="", shape=circle, style=filled, fillcolor="#fff", height=0.3, width=0.3, penwidth=5];
  n7 -> n0:i0;
  n1 -> n0:i1;
  n1 [shape=point, style=filled, fillcolor="#000", height=0.25, width=0.25];
  n2 [shape=box, label="= 7.0"] [style="rounded, dashed"];
  n3 [shape=box, label="= 4.0"] [style="rounded, dashed"];
  n4 [shape=box, label="= 99.0"] [style="rounded, dashed"];
  n5 [shape=box, label="= 21.0"] [style="rounded, dashed"];
  n6 [shape=box, label="= 28.0"] [style=rounded];
  n7 [shape=record, label="{{<i0> value}|export 'default'}"] [style=filled, fillcolor="#ffffaa"];
  n6 -> n7:i0;
}
